[10-Mar-2026 00:06:06 UTC] PHP Fatal error:  Out of memory (allocated 35651584 bytes) (tried to allocate 2097152 bytes) in /workspaces/assignment-333/.wordpress/wp-content/plugins/ecommerce-product-catalog/includes/class-ic-sitewide-bar.php on line 27
[10-Mar-2026 00:06:06 UTC] PHP Fatal error:  Out of memory (allocated 35651584 bytes) (tried to allocate 2097152 bytes) in /workspaces/assignment-333/.wordpress/wp-includes/Requests/src/Cookie/Jar.php on line 32
[10-Mar-2026 00:06:07 UTC] PHP Fatal error:  Out of memory (allocated 31457280 bytes) (tried to allocate 2097152 bytes) in /workspaces/assignment-333/.wordpress/wp-content/plugins/ecommerce-product-catalog/includes/class-ic-sitewide-bar.php on line 27
[10-Mar-2026 00:06:07 UTC] PHP Fatal error:  Out of memory (allocated 31457280 bytes) (tried to allocate 2097152 bytes) in /workspaces/assignment-333/.wordpress/wp-includes/Requests/src/Cookie/Jar.php on line 32
[10-Mar-2026 00:06:14 UTC] PHP Fatal error:  Out of memory (allocated 29360128 bytes) (tried to allocate 2097152 bytes) in /workspaces/assignment-333/.wordpress/wp-content/plugins/ecommerce-product-catalog/includes/class-ic-featured-products.php on line 72
[10-Mar-2026 00:06:14 UTC] PHP Fatal error:  Out of memory (allocated 29360128 bytes) (tried to allocate 2097152 bytes) in /workspaces/assignment-333/.wordpress/wp-includes/sodium_compat/src/Core/Util.php on line 12
[10-Mar-2026 00:06:17 UTC] PHP Fatal error:  Out of memory (allocated 29360128 bytes) (tried to allocate 2097152 bytes) in /workspaces/assignment-333/.wordpress/wp-content/plugins/ecommerce-product-catalog/includes/class-ic-featured-products.php on line 72
[10-Mar-2026 00:06:17 UTC] PHP Fatal error:  Out of memory (allocated 29360128 bytes) (tried to allocate 2097152 bytes) in /workspaces/assignment-333/.wordpress/wp-includes/Requests/src/Cookie/Jar.php on line 32
[10-Mar-2026 00:06:24 UTC] PHP Fatal error:  Out of memory (allocated 29360128 bytes) (tried to allocate 2097152 bytes) in /workspaces/assignment-333/.wordpress/wp-content/plugins/ecommerce-product-catalog/includes/class-ic-featured-products.php on line 72
[10-Mar-2026 00:06:24 UTC] PHP Fatal error:  Out of memory (allocated 29360128 bytes) (tried to allocate 2097152 bytes) in /workspaces/assignment-333/.wordpress/wp-includes/Requests/src/Cookie/Jar.php on line 32
[10-Mar-2026 00:06:25 UTC] PHP Fatal error:  Out of memory (allocated 29360128 bytes) (tried to allocate 2097152 bytes) in /workspaces/assignment-333/.wordpress/wp-content/plugins/ecommerce-product-catalog/includes/class-ic-sitewide-bar.php on line 27
[10-Mar-2026 00:06:25 UTC] PHP Fatal error:  Out of memory (allocated 29360128 bytes) (tried to allocate 2097152 bytes) in /workspaces/assignment-333/.wordpress/wp-includes/Requests/src/Cookie/Jar.php on line 32
[10-Mar-2026 00:06:26 UTC] PHP Fatal error:  Out of memory (allocated 29360128 bytes) (tried to allocate 2097152 bytes) in /workspaces/assignment-333/.wordpress/wp-content/plugins/ecommerce-product-catalog/includes/class-ic-sitewide-bar.php on line 27
[10-Mar-2026 00:06:26 UTC] PHP Fatal error:  Out of memory (allocated 29360128 bytes) (tried to allocate 2097152 bytes) in /workspaces/assignment-333/.wordpress/wp-includes/Requests/src/Cookie/Jar.php on line 32
[10-Mar-2026 00:06:35 UTC] PHP Fatal error:  Out of memory (allocated 29360128 bytes) (tried to allocate 2097152 bytes) in /workspaces/assignment-333/.wordpress/wp-content/plugins/ecommerce-product-catalog/includes/class-ic-featured-products.php on line 72
[10-Mar-2026 00:06:35 UTC] PHP Fatal error:  Out of memory (allocated 29360128 bytes) (tried to allocate 2097152 bytes) in /workspaces/assignment-333/.wordpress/wp-includes/Requests/src/Cookie/Jar.php on line 32
[10-Mar-2026 00:06:40 UTC] PHP Fatal error:  Out of memory (allocated 29360128 bytes) (tried to allocate 2097152 bytes) in /workspaces/assignment-333/.wordpress/wp-content/plugins/ecommerce-product-catalog/includes/class-ic-featured-products.php on line 72
[10-Mar-2026 00:06:40 UTC] PHP Fatal error:  Out of memory (allocated 29360128 bytes) (tried to allocate 2097152 bytes) in /workspaces/assignment-333/.wordpress/wp-includes/Requests/src/Cookie/Jar.php on line 32
[10-Mar-2026 00:06:46 UTC] PHP Fatal error:  Out of memory (allocated 29360128 bytes) (tried to allocate 2097152 bytes) in /workspaces/assignment-333/.wordpress/wp-content/plugins/ecommerce-product-catalog/includes/class-ic-featured-products.php on line 72
[10-Mar-2026 00:06:46 UTC] PHP Fatal error:  Out of memory (allocated 29360128 bytes) (tried to allocate 2097152 bytes) in /workspaces/assignment-333/.wordpress/wp-includes/Requests/src/Cookie/Jar.php on line 32
[10-Mar-2026 00:06:49 UTC] PHP Fatal error:  Out of memory (allocated 29360128 bytes) (tried to allocate 2097152 bytes) in /workspaces/assignment-333/.wordpress/wp-content/plugins/ecommerce-product-catalog/includes/class-ic-sitewide-bar.php on line 27
[10-Mar-2026 00:06:49 UTC] PHP Fatal error:  Out of memory (allocated 29360128 bytes) (tried to allocate 2097152 bytes) in /workspaces/assignment-333/.wordpress/wp-includes/Requests/src/Cookie/Jar.php on line 32
[10-Mar-2026 00:06:51 UTC] PHP Fatal error:  Out of memory (allocated 29360128 bytes) (tried to allocate 2097152 bytes) in /workspaces/assignment-333/.wordpress/wp-content/plugins/ecommerce-product-catalog/includes/class-ic-featured-products.php on line 72
[10-Mar-2026 00:06:51 UTC] PHP Fatal error:  Out of memory (allocated 29360128 bytes) (tried to allocate 2097152 bytes) in /workspaces/assignment-333/.wordpress/wp-includes/Requests/src/Cookie/Jar.php on line 32
[10-Mar-2026 00:06:56 UTC] PHP Fatal error:  Out of memory (allocated 29360128 bytes) (tried to allocate 2097152 bytes) in /workspaces/assignment-333/.wordpress/wp-content/plugins/ecommerce-product-catalog/includes/class-ic-featured-products.php on line 72
[10-Mar-2026 00:06:56 UTC] PHP Fatal error:  Out of memory (allocated 29360128 bytes) (tried to allocate 2097152 bytes) in /workspaces/assignment-333/.wordpress/wp-includes/Requests/src/Cookie/Jar.php on line 32
[10-Mar-2026 00:07:02 UTC] PHP Fatal error:  Out of memory (allocated 29360128 bytes) (tried to allocate 2097152 bytes) in /workspaces/assignment-333/.wordpress/wp-content/plugins/ecommerce-product-catalog/includes/class-ic-featured-products.php on line 72
[10-Mar-2026 00:07:02 UTC] PHP Fatal error:  Out of memory (allocated 29360128 bytes) (tried to allocate 2097152 bytes) in /workspaces/assignment-333/.wordpress/wp-includes/Requests/src/Cookie/Jar.php on line 32
[10-Mar-2026 00:07:04 UTC] PHP Fatal error:  Out of memory (allocated 29360128 bytes) (tried to allocate 2097152 bytes) in /workspaces/assignment-333/.wordpress/wp-content/plugins/ecommerce-product-catalog/includes/class-ic-sitewide-bar.php on line 27
[10-Mar-2026 00:07:04 UTC] PHP Fatal error:  Out of memory (allocated 29360128 bytes) (tried to allocate 2097152 bytes) in /workspaces/assignment-333/.wordpress/wp-includes/Requests/src/Cookie/Jar.php on line 32
[10-Mar-2026 00:07:06 UTC] PHP Fatal error:  Out of memory (allocated 29360128 bytes) (tried to allocate 2097152 bytes) in /workspaces/assignment-333/.wordpress/wp-content/plugins/ecommerce-product-catalog/includes/class-ic-featured-products.php on line 72
[10-Mar-2026 00:07:06 UTC] PHP Fatal error:  Out of memory (allocated 29360128 bytes) (tried to allocate 2097152 bytes) in /workspaces/assignment-333/.wordpress/wp-includes/Requests/src/Cookie/Jar.php on line 32
[10-Mar-2026 00:07:16 UTC] PHP Fatal error:  Out of memory (allocated 29360128 bytes) (tried to allocate 2097152 bytes) in /workspaces/assignment-333/.wordpress/wp-content/plugins/ecommerce-product-catalog/includes/class-ic-featured-products.php on line 72
[10-Mar-2026 00:07:16 UTC] PHP Fatal error:  Out of memory (allocated 29360128 bytes) (tried to allocate 2097152 bytes) in /workspaces/assignment-333/.wordpress/wp-includes/Requests/src/Cookie/Jar.php on line 32
[10-Mar-2026 00:07:26 UTC] PHP Fatal error:  Out of memory (allocated 29360128 bytes) (tried to allocate 2097152 bytes) in /workspaces/assignment-333/.wordpress/wp-content/plugins/ecommerce-product-catalog/includes/class-ic-featured-products.php on line 72
[10-Mar-2026 00:07:26 UTC] PHP Fatal error:  Out of memory (allocated 29360128 bytes) (tried to allocate 2097152 bytes) in /workspaces/assignment-333/.wordpress/wp-includes/Requests/src/Cookie/Jar.php on line 32
[10-Mar-2026 00:07:27 UTC] PHP Fatal error:  Out of memory (allocated 29360128 bytes) (tried to allocate 2097152 bytes) in /workspaces/assignment-333/.wordpress/wp-content/plugins/ecommerce-product-catalog/includes/class-ic-sitewide-bar.php on line 27
[10-Mar-2026 00:07:27 UTC] PHP Fatal error:  Out of memory (allocated 29360128 bytes) (tried to allocate 2097152 bytes) in /workspaces/assignment-333/.wordpress/wp-includes/Requests/src/Cookie/Jar.php on line 32
[10-Mar-2026 00:07:36 UTC] PHP Fatal error:  Out of memory (allocated 29360128 bytes) (tried to allocate 2097152 bytes) in /workspaces/assignment-333/.wordpress/wp-content/plugins/ecommerce-product-catalog/includes/class-ic-featured-products.php on line 72
[10-Mar-2026 00:07:36 UTC] PHP Fatal error:  Out of memory (allocated 29360128 bytes) (tried to allocate 2097152 bytes) in /workspaces/assignment-333/.wordpress/wp-includes/Requests/src/Cookie/Jar.php on line 32
[10-Mar-2026 00:07:41 UTC] PHP Fatal error:  Out of memory (allocated 29360128 bytes) (tried to allocate 2097152 bytes) in /workspaces/assignment-333/.wordpress/wp-content/plugins/ecommerce-product-catalog/includes/class-ic-featured-products.php on line 72
[10-Mar-2026 00:07:41 UTC] PHP Fatal error:  Out of memory (allocated 29360128 bytes) (tried to allocate 2097152 bytes) in /workspaces/assignment-333/.wordpress/wp-includes/Requests/src/Cookie/Jar.php on line 32
[10-Mar-2026 00:07:46 UTC] PHP Fatal error:  Out of memory (allocated 29360128 bytes) (tried to allocate 2097152 bytes) in /workspaces/assignment-333/.wordpress/wp-content/plugins/ecommerce-product-catalog/includes/class-ic-featured-products.php on line 72
[10-Mar-2026 00:07:46 UTC] PHP Fatal error:  Out of memory (allocated 29360128 bytes) (tried to allocate 2097152 bytes) in /workspaces/assignment-333/.wordpress/wp-includes/Requests/src/Cookie/Jar.php on line 32
[10-Mar-2026 00:07:51 UTC] PHP Fatal error:  Out of memory (allocated 29360128 bytes) (tried to allocate 2097152 bytes) in /workspaces/assignment-333/.wordpress/wp-content/plugins/ecommerce-product-catalog/includes/class-ic-featured-products.php on line 72
[10-Mar-2026 00:07:51 UTC] PHP Fatal error:  Out of memory (allocated 29360128 bytes) (tried to allocate 2097152 bytes) in /workspaces/assignment-333/.wordpress/wp-includes/Requests/src/Cookie/Jar.php on line 32
[10-Mar-2026 00:07:57 UTC] PHP Fatal error:  Out of memory (allocated 29360128 bytes) (tried to allocate 2097152 bytes) in /workspaces/assignment-333/.wordpress/wp-content/plugins/ecommerce-product-catalog/includes/class-ic-featured-products.php on line 72
[10-Mar-2026 00:07:57 UTC] PHP Fatal error:  Out of memory (allocated 29360128 bytes) (tried to allocate 2097152 bytes) in /workspaces/assignment-333/.wordpress/wp-includes/Requests/src/Cookie/Jar.php on line 32
[10-Mar-2026 00:07:59 UTC] PHP Fatal error:  Out of memory (allocated 29360128 bytes) (tried to allocate 2097152 bytes) in /workspaces/assignment-333/.wordpress/wp-content/plugins/ecommerce-product-catalog/includes/class-ic-featured-products.php on line 79
[10-Mar-2026 00:07:59 UTC] PHP Fatal error:  Out of memory (allocated 29360128 bytes) (tried to allocate 2097152 bytes) in /workspaces/assignment-333/.wordpress/wp-includes/Requests/src/Cookie/Jar.php on line 32
[10-Mar-2026 00:08:05 UTC] PHP Fatal error:  Out of memory (allocated 29360128 bytes) (tried to allocate 2097152 bytes) in /workspaces/assignment-333/.wordpress/wp-content/plugins/ecommerce-product-catalog/includes/class-ic-sitewide-bar.php on line 27
[10-Mar-2026 00:08:05 UTC] PHP Fatal error:  Out of memory (allocated 29360128 bytes) (tried to allocate 2097152 bytes) in /workspaces/assignment-333/.wordpress/wp-includes/Requests/src/Cookie/Jar.php on line 32
[10-Mar-2026 00:08:07 UTC] PHP Fatal error:  Out of memory (allocated 29360128 bytes) (tried to allocate 2097152 bytes) in /workspaces/assignment-333/.wordpress/wp-content/plugins/ecommerce-product-catalog/includes/class-ic-featured-products.php on line 72
[10-Mar-2026 00:08:07 UTC] PHP Fatal error:  Out of memory (allocated 29360128 bytes) (tried to allocate 2097152 bytes) in /workspaces/assignment-333/.wordpress/wp-includes/Requests/src/Cookie/Jar.php on line 32
[10-Mar-2026 00:08:12 UTC] PHP Fatal error:  Out of memory (allocated 29360128 bytes) (tried to allocate 2097152 bytes) in /workspaces/assignment-333/.wordpress/wp-content/plugins/ecommerce-product-catalog/includes/customizer.php on line 351
[10-Mar-2026 00:08:12 UTC] PHP Fatal error:  Out of memory (allocated 29360128 bytes) (tried to allocate 2097152 bytes) in /workspaces/assignment-333/.wordpress/wp-includes/Requests/src/Cookie/Jar.php on line 32
[10-Mar-2026 00:08:12 UTC] PHP Fatal error:  Out of memory (allocated 29360128 bytes) (tried to allocate 2097152 bytes) in /workspaces/assignment-333/.wordpress/wp-content/plugins/ecommerce-product-catalog/includes/class-ic-featured-products.php on line 79
[10-Mar-2026 00:08:12 UTC] PHP Fatal error:  Out of memory (allocated 29360128 bytes) (tried to allocate 2097152 bytes) in /workspaces/assignment-333/.wordpress/wp-includes/Requests/src/Cookie/Jar.php on line 32
[10-Mar-2026 00:08:17 UTC] PHP Fatal error:  Out of memory (allocated 29360128 bytes) (tried to allocate 2097152 bytes) in /workspaces/assignment-333/.wordpress/wp-content/plugins/ecommerce-product-catalog/includes/class-ic-featured-products.php on line 72
[10-Mar-2026 00:08:17 UTC] PHP Fatal error:  Out of memory (allocated 29360128 bytes) (tried to allocate 2097152 bytes) in /workspaces/assignment-333/.wordpress/wp-includes/Requests/src/Cookie/Jar.php on line 32
[10-Mar-2026 00:08:17 UTC] PHP Fatal error:  Out of memory (allocated 29360128 bytes) (tried to allocate 2097152 bytes) in /workspaces/assignment-333/.wordpress/wp-content/plugins/ecommerce-product-catalog/includes/class-ic-sitewide-bar.php on line 27
[10-Mar-2026 00:08:17 UTC] PHP Fatal error:  Out of memory (allocated 29360128 bytes) (tried to allocate 2097152 bytes) in /workspaces/assignment-333/.wordpress/wp-includes/Requests/src/Cookie/Jar.php on line 32
[10-Mar-2026 00:08:18 UTC] PHP Fatal error:  Out of memory (allocated 29360128 bytes) (tried to allocate 2097152 bytes) in /workspaces/assignment-333/.wordpress/wp-content/plugins/ecommerce-product-catalog/includes/class-ic-featured-products.php on line 79
[10-Mar-2026 00:08:18 UTC] PHP Fatal error:  Out of memory (allocated 29360128 bytes) (tried to allocate 2097152 bytes) in /workspaces/assignment-333/.wordpress/wp-includes/Requests/src/Cookie/Jar.php on line 32
[10-Mar-2026 00:08:25 UTC] PHP Fatal error:  Out of memory (allocated 29360128 bytes) (tried to allocate 2097152 bytes) in /workspaces/assignment-333/.wordpress/wp-content/plugins/ecommerce-product-catalog/includes/customizer.php on line 351
[10-Mar-2026 00:08:25 UTC] PHP Fatal error:  Out of memory (allocated 29360128 bytes) (tried to allocate 2097152 bytes) in /workspaces/assignment-333/.wordpress/wp-includes/Requests/src/Cookie/Jar.php on line 32
[10-Mar-2026 00:08:25 UTC] PHP Fatal error:  Out of memory (allocated 29360128 bytes) (tried to allocate 2097152 bytes) in /workspaces/assignment-333/.wordpress/wp-content/plugins/ecommerce-product-catalog/includes/class-ic-featured-products.php on line 79
[10-Mar-2026 00:08:25 UTC] PHP Fatal error:  Out of memory (allocated 29360128 bytes) (tried to allocate 2097152 bytes) in /workspaces/assignment-333/.wordpress/wp-includes/Requests/src/Cookie/Jar.php on line 32
[10-Mar-2026 00:08:27 UTC] PHP Fatal error:  Out of memory (allocated 29360128 bytes) (tried to allocate 2097152 bytes) in /workspaces/assignment-333/.wordpress/wp-content/plugins/ecommerce-product-catalog/includes/class-ic-featured-products.php on line 72
[10-Mar-2026 00:08:27 UTC] PHP Fatal error:  Out of memory (allocated 29360128 bytes) (tried to allocate 2097152 bytes) in /workspaces/assignment-333/.wordpress/wp-includes/Requests/src/Cookie/Jar.php on line 32
[10-Mar-2026 00:08:29 UTC] PHP Fatal error:  Out of memory (allocated 29360128 bytes) (tried to allocate 2097152 bytes) in /workspaces/assignment-333/.wordpress/wp-content/plugins/ecommerce-product-catalog/includes/class-ic-featured-products.php on line 79
[10-Mar-2026 00:08:29 UTC] PHP Fatal error:  Out of memory (allocated 29360128 bytes) (tried to allocate 2097152 bytes) in /workspaces/assignment-333/.wordpress/wp-includes/Requests/src/Cookie/Jar.php on line 32
[10-Mar-2026 00:08:34 UTC] PHP Fatal error:  Out of memory (allocated 29360128 bytes) (tried to allocate 2097152 bytes) in /workspaces/assignment-333/.wordpress/wp-content/plugins/ecommerce-product-catalog/includes/customizer.php on line 351
[10-Mar-2026 00:08:34 UTC] PHP Fatal error:  Out of memory (allocated 29360128 bytes) (tried to allocate 2097152 bytes) in /workspaces/assignment-333/.wordpress/wp-includes/Requests/src/Cookie/Jar.php on line 32
[10-Mar-2026 00:08:35 UTC] PHP Fatal error:  Out of memory (allocated 29360128 bytes) (tried to allocate 2097152 bytes) in /workspaces/assignment-333/.wordpress/wp-content/plugins/ecommerce-product-catalog/includes/class-ic-featured-products.php on line 79
[10-Mar-2026 00:08:35 UTC] PHP Fatal error:  Out of memory (allocated 29360128 bytes) (tried to allocate 2097152 bytes) in /workspaces/assignment-333/.wordpress/wp-includes/Requests/src/Cookie/Jar.php on line 32
[10-Mar-2026 00:08:37 UTC] PHP Fatal error:  Out of memory (allocated 29360128 bytes) (tried to allocate 2097152 bytes) in /workspaces/assignment-333/.wordpress/wp-content/plugins/ecommerce-product-catalog/includes/class-ic-featured-products.php on line 72
[10-Mar-2026 00:08:37 UTC] PHP Fatal error:  Out of memory (allocated 29360128 bytes) (tried to allocate 2097152 bytes) in /workspaces/assignment-333/.wordpress/wp-includes/Requests/src/Cookie/Jar.php on line 32
[10-Mar-2026 00:08:47 UTC] PHP Fatal error:  Out of memory (allocated 29360128 bytes) (tried to allocate 2097152 bytes) in /workspaces/assignment-333/.wordpress/wp-content/plugins/ecommerce-product-catalog/includes/class-ic-featured-products.php on line 72
[10-Mar-2026 00:08:47 UTC] PHP Fatal error:  Out of memory (allocated 29360128 bytes) (tried to allocate 2097152 bytes) in /workspaces/assignment-333/.wordpress/wp-includes/Requests/src/Cookie/Jar.php on line 32
[10-Mar-2026 00:08:57 UTC] PHP Fatal error:  Out of memory (allocated 29360128 bytes) (tried to allocate 2097152 bytes) in /workspaces/assignment-333/.wordpress/wp-content/plugins/ecommerce-product-catalog/includes/class-ic-featured-products.php on line 72
[10-Mar-2026 00:08:57 UTC] PHP Fatal error:  Out of memory (allocated 29360128 bytes) (tried to allocate 2097152 bytes) in /workspaces/assignment-333/.wordpress/wp-includes/Requests/src/Cookie/Jar.php on line 32
[10-Mar-2026 00:09:02 UTC] PHP Fatal error:  Out of memory (allocated 29360128 bytes) (tried to allocate 2097152 bytes) in /workspaces/assignment-333/.wordpress/wp-content/plugins/ecommerce-product-catalog/includes/customizer.php on line 351
[10-Mar-2026 00:09:02 UTC] PHP Fatal error:  Out of memory (allocated 29360128 bytes) (tried to allocate 2097152 bytes) in /workspaces/assignment-333/.wordpress/wp-includes/Requests/src/Cookie/Jar.php on line 32
[10-Mar-2026 00:09:03 UTC] PHP Fatal error:  Out of memory (allocated 29360128 bytes) (tried to allocate 2097152 bytes) in /workspaces/assignment-333/.wordpress/wp-content/plugins/ecommerce-product-catalog/includes/class-ic-featured-products.php on line 79
[10-Mar-2026 00:09:03 UTC] PHP Fatal error:  Out of memory (allocated 29360128 bytes) (tried to allocate 2097152 bytes) in /workspaces/assignment-333/.wordpress/wp-includes/Requests/src/Cookie/Jar.php on line 32
[10-Mar-2026 00:09:07 UTC] PHP Fatal error:  Out of memory (allocated 29360128 bytes) (tried to allocate 2097152 bytes) in /workspaces/assignment-333/.wordpress/wp-content/plugins/ecommerce-product-catalog/includes/class-ic-featured-products.php on line 72
[10-Mar-2026 00:09:07 UTC] PHP Fatal error:  Out of memory (allocated 29360128 bytes) (tried to allocate 2097152 bytes) in /workspaces/assignment-333/.wordpress/wp-includes/Requests/src/Cookie/Jar.php on line 32
[10-Mar-2026 00:09:12 UTC] PHP Fatal error:  Out of memory (allocated 29360128 bytes) (tried to allocate 2097152 bytes) in /workspaces/assignment-333/.wordpress/wp-content/plugins/ecommerce-product-catalog/includes/class-ic-featured-products.php on line 72
[10-Mar-2026 00:09:12 UTC] PHP Fatal error:  Out of memory (allocated 29360128 bytes) (tried to allocate 2097152 bytes) in /workspaces/assignment-333/.wordpress/wp-includes/Requests/src/Cookie/Jar.php on line 32
[10-Mar-2026 00:09:18 UTC] PHP Fatal error:  Out of memory (allocated 29360128 bytes) (tried to allocate 2097152 bytes) in /workspaces/assignment-333/.wordpress/wp-content/plugins/ecommerce-product-catalog/includes/class-ic-featured-products.php on line 72
[10-Mar-2026 00:09:18 UTC] PHP Fatal error:  Out of memory (allocated 29360128 bytes) (tried to allocate 2097152 bytes) in /workspaces/assignment-333/.wordpress/wp-includes/Requests/src/Cookie/Jar.php on line 32
[10-Mar-2026 00:17:17 UTC] PHP Warning:  Undefined variable $parent_theme_name in /workspaces/assignment-333/.wordpress/wp-content/mu-plugins/one-click-child-theme/templates/create_child_form.php on line 18
[10-Mar-2026 00:20:20 UTC] PHP Warning:  Undefined variable $parent_theme_name in /workspaces/assignment-333/.wordpress/wp-content/mu-plugins/one-click-child-theme/templates/create_child_form.php on line 18
[10-Mar-2026 00:20:56 UTC] PHP Warning:  Undefined variable $parent_theme_name in /workspaces/assignment-333/.wordpress/wp-content/mu-plugins/one-click-child-theme/templates/create_child_form.php on line 18
